// Jest Snapshot v1, https://goo.gl/fbAQLP

exports[`should render a user view component 1`] = `
<div>
  <div>
    <header>
      <h3
        class=""
      >
        Home
      </h3>
      <h3
        class=""
      >
        About
      </h3>
      <h3
        class=""
      >
        Log In
      </h3>
      <h3
        class="active"
      >
        Journals
      </h3>
    </header>
    <h2
      class="create-journal"
    >
      Create Journal
    </h2>
    <div
      class="journallist"
    />
    <footer>
      <a
        class="footer-link"
        href="https://github.com/Time-Hub-App"
      >
        TimeHub GitHub
      </a>
    </footer>
  </div>
</div>
`;
